// Jest Snapshot v1, https://goo.gl/fbAQLP

exports[`App renders correctly should render correctly 1`] = `
<Provider
  store={
    Object {
      "dispatch": [Function],
      "getState": [Function],
      "replaceReducer": [Function],
      "subscribe": [Function],
      Symbol(observable): [Function],
    }
  }
>
  <StaticRouter>
    <App />
  </StaticRouter>
</Provider>
`;
