// Jest Snapshot v1, https://goo.gl/fbAQLP

exports[`Vip renders correctly should render correctly 1`] = `
<MockStoreProvider
  getState={[Function]}
>
  <Provider
    store={
      Object {
        "dispatch": [Function],
        "getState": [Function],
        "replaceReducer": [Function],
        "subscribe": [Function],
        Symbol(observable): [Function],
      }
    }
  >
    <StaticRouter>
      <Router
        history={
          Object {
            "action": "POP",
            "block": [Function],
            "createHref": [Function],
            "go": [Function],
            "goBack": [Function],
            "goForward": [Function],
            "listen": [Function],
            "location": Object {
              "hash": "",
              "pathname": "/",
              "search": "",
              "state": undefined,
            },
            "push": [Function],
            "replace": [Function],
          }
        }
        staticContext={Object {}}
      >
        <RepositoryContainer>
          <HelmetWrapper
            defer={true}
            encodeSpecialCharacters={true}
          >
            <SideEffect(NullComponent)
              defer={true}
              encodeSpecialCharacters={true}
            >
              <NullComponent
                defer={true}
                encodeSpecialCharacters={true}
              />
            </SideEffect(NullComponent)>
          </HelmetWrapper>
          <p
            key="1122"
          >
            Test-Repo-Name
          </p>
        </RepositoryContainer>
      </Router>
    </StaticRouter>
  </Provider>
</MockStoreProvider>
`;
